2026-05-03 17:21:52,874 INFO o.a.j.u.JMeterUtils: Setting Locale to en_EN
2026-05-03 17:21:52,893 INFO o.a.j.JMeter: Loading user properties from: /usr/local/Cellar/jmeter/5.6.3/libexec/bin/user.properties
2026-05-03 17:21:52,894 INFO o.a.j.JMeter: Loading system properties from: /usr/local/Cellar/jmeter/5.6.3/libexec/bin/system.properties
2026-05-03 17:21:52,894 INFO o.a.j.JMeter: Setting JMeter property: host=localhost
2026-05-03 17:21:52,894 INFO o.a.j.JMeter: Setting JMeter property: port=8080
2026-05-03 17:21:52,895 INFO o.a.j.JMeter: Setting JMeter property: resultDir=/Users/mac2019/Desktop/pos/boost/jmeter/results
2026-05-03 17:21:52,895 INFO o.a.j.JMeter: Setting JMeter property: inputsDir=/Users/mac2019/Desktop/pos/boost/jmeter/inputs
2026-05-03 17:21:52,895 INFO o.a.j.JMeter: Setting JMeter property: ssThreads=50
2026-05-03 17:21:52,895 INFO o.a.j.JMeter: Setting JMeter property: ssLoops=20
2026-05-03 17:21:52,895 INFO o.a.j.JMeter: Setting JMeter property: ssRampUpSec=5
2026-05-03 17:21:52,899 INFO o.a.j.JMeter: Copyright (c) 1998-2024 The Apache Software Foundation
2026-05-03 17:21:52,899 INFO o.a.j.JMeter: Version 5.6.3
2026-05-03 17:21:52,899 INFO o.a.j.JMeter: java.version=21.0.8
2026-05-03 17:21:52,900 INFO o.a.j.JMeter: java.vm.name=OpenJDK 64-Bit Server VM
2026-05-03 17:21:52,900 INFO o.a.j.JMeter: os.name=Mac OS X
2026-05-03 17:21:52,900 INFO o.a.j.JMeter: os.arch=x86_64
2026-05-03 17:21:52,900 INFO o.a.j.JMeter: os.version=15.7.4
2026-05-03 17:21:52,900 INFO o.a.j.JMeter: file.encoding=UTF-8
2026-05-03 17:21:52,900 INFO o.a.j.JMeter: java.awt.headless=true
2026-05-03 17:21:52,900 INFO o.a.j.JMeter: Max memory     =1073741824
2026-05-03 17:21:52,900 INFO o.a.j.JMeter: Available Processors =8
2026-05-03 17:21:52,908 INFO o.a.j.JMeter: Default Locale=English (EN)
2026-05-03 17:21:52,908 INFO o.a.j.JMeter: JMeter  Locale=English (EN)
2026-05-03 17:21:52,908 INFO o.a.j.JMeter: JMeterHome=/usr/local/Cellar/jmeter/5.6.3/libexec
2026-05-03 17:21:52,908 INFO o.a.j.JMeter: user.dir  =/Users/mac2019/Desktop/pos/boost/jmeter
2026-05-03 17:21:52,908 INFO o.a.j.JMeter: PWD       =/Users/mac2019/Desktop/pos/boost/jmeter
2026-05-03 17:21:52,910 INFO o.a.j.JMeter: IP: 127.0.0.1 Name: MacBook-Pro-cua-Son.local FullName: localhost
2026-05-03 17:21:52,925 INFO o.a.j.s.FileServer: Default base='/Users/mac2019/Desktop/pos/boost/jmeter'
2026-05-03 17:21:52,927 INFO o.a.j.s.FileServer: Set new base='/Users/mac2019/Desktop/pos/boost/jmeter'
2026-05-03 17:21:53,099 INFO o.a.j.s.SaveService: Testplan (JMX) version: 2.2. Testlog (JTL) version: 2.2
2026-05-03 17:21:53,128 INFO o.a.j.s.SaveService: Using SaveService properties version 5.0
2026-05-03 17:21:53,131 INFO o.a.j.s.SaveService: Using SaveService properties file encoding UTF-8
2026-05-03 17:21:53,134 INFO o.a.j.s.SaveService: Loading file: customer-demo-thread-comparison.jmx
2026-05-03 17:21:53,224 INFO o.a.j.p.h.s.HTTPSamplerBase: Parser for text/html is org.apache.jmeter.protocol.http.parser.LagartoBasedHtmlParser
2026-05-03 17:21:53,225 INFO o.a.j.p.h.s.HTTPSamplerBase: Parser for application/xhtml+xml is org.apache.jmeter.protocol.http.parser.LagartoBasedHtmlParser
2026-05-03 17:21:53,225 INFO o.a.j.p.h.s.HTTPSamplerBase: Parser for application/xml is org.apache.jmeter.protocol.http.parser.LagartoBasedHtmlParser
2026-05-03 17:21:53,225 INFO o.a.j.p.h.s.HTTPSamplerBase: Parser for text/xml is org.apache.jmeter.protocol.http.parser.LagartoBasedHtmlParser
2026-05-03 17:21:53,225 INFO o.a.j.p.h.s.HTTPSamplerBase: Parser for text/vnd.wap.wml is org.apache.jmeter.protocol.http.parser.RegexpHTMLParser
2026-05-03 17:21:53,225 INFO o.a.j.p.h.s.HTTPSamplerBase: Parser for text/css is org.apache.jmeter.protocol.http.parser.CssParser
2026-05-03 17:21:53,272 INFO o.a.j.JMeter: Creating summariser <summary>
2026-05-03 17:21:53,283 INFO o.a.j.e.StandardJMeterEngine: Running the test!
2026-05-03 17:21:53,284 INFO o.a.j.s.SampleEvent: List of sample_variables: []
2026-05-03 17:21:53,284 INFO o.a.j.s.SampleEvent: List of sample_variables: []
2026-05-03 17:21:53,288 INFO o.a.j.e.u.CompoundVariable: Note: Function class names must contain the string: '.functions.'
2026-05-03 17:21:53,288 INFO o.a.j.e.u.CompoundVariable: Note: Function class names must not contain the string: '.gui.'
2026-05-03 17:21:53,328 INFO o.a.j.r.ClassFinder: Will scan jar /usr/local/Cellar/jmeter/5.6.3/libexec/lib/ext/jmeter-plugins-manager-1.9.jar with filter ExtendsClassFilter [parents=[interface org.apache.jmeter.functions.Function], inner=false, contains=null, notContains=null]. Consider exposing JMeter plugins via META-INF/services, and add JMeter-Skip-Class-Scanning=true manifest attribute so JMeter can skip classfile scanning
2026-05-03 17:21:53,600 INFO o.a.j.JMeter: Running test (1777803713600)
2026-05-03 17:21:53,620 INFO o.a.j.e.StandardJMeterEngine: Starting ThreadGroup: 1 : SS1 - So sánh Có-Khóa vs Không-Khóa (Platform Thread, 1000 lần)
2026-05-03 17:21:53,620 INFO o.a.j.e.StandardJMeterEngine: Starting 50 threads for group SS1 - So sánh Có-Khóa vs Không-Khóa (Platform Thread, 1000 lần).
2026-05-03 17:21:53,621 INFO o.a.j.e.StandardJMeterEngine: Thread will continue on error
2026-05-03 17:21:53,621 INFO o.a.j.t.ThreadGroup: Starting thread group... number=1 threads=50 ramp-up=5 delayedStart=false
2026-05-03 17:21:53,641 INFO o.a.j.t.JMeterThread: Thread started: SS1 - So sánh Có-Khóa vs Không-Khóa (Platform Thread, 1000 lần) 1-1
2026-05-03 17:21:53,643 INFO o.a.j.s.FileServer: Stored: /Users/mac2019/Desktop/pos/boost/jmeter/inputs/ss1-lock-hotspot.csv
2026-05-03 17:21:53,655 INFO o.a.j.t.ThreadGroup: Started thread group number 1
2026-05-03 17:21:53,655 INFO o.a.j.e.StandardJMeterEngine: All thread groups have been started
2026-05-03 17:21:53,661 INFO o.a.j.s.FileServer: Stored: /Users/mac2019/Desktop/pos/boost/jmeter/inputs/ss1-nolock-hotspot.csv
2026-05-03 17:21:53,740 INFO o.a.j.t.JMeterThread: Thread started: SS1 - So sánh Có-Khóa vs Không-Khóa (Platform Thread, 1000 lần) 1-2
2026-05-03 17:21:53,840 INFO o.a.j.t.JMeterThread: Thread started: SS1 - So sánh Có-Khóa vs Không-Khóa (Platform Thread, 1000 lần) 1-3
2026-05-03 17:21:53,940 INFO o.a.j.t.JMeterThread: Thread started: SS1 - So sánh Có-Khóa vs Không-Khóa (Platform Thread, 1000 lần) 1-4
2026-05-03 17:21:54,038 INFO o.a.j.t.JMeterThread: Thread started: SS1 - So sánh Có-Khóa vs Không-Khóa (Platform Thread, 1000 lần) 1-5
2026-05-03 17:21:54,133 INFO o.a.j.t.JMeterThread: Thread started: SS1 - So sánh Có-Khóa vs Không-Khóa (Platform Thread, 1000 lần) 1-6
2026-05-03 17:21:54,240 INFO o.a.j.t.JMeterThread: Thread started: SS1 - So sánh Có-Khóa vs Không-Khóa (Platform Thread, 1000 lần) 1-7
2026-05-03 17:21:54,336 INFO o.a.j.t.JMeterThread: Thread started: SS1 - So sánh Có-Khóa vs Không-Khóa (Platform Thread, 1000 lần) 1-8
2026-05-03 17:21:54,353 INFO o.a.j.p.h.s.HTTPHCAbstractImpl: Local host = MacBook-Pro-cua-Son.local
2026-05-03 17:21:54,360 INFO o.a.j.p.h.s.HTTPHC4Impl: HTTP request retry count = 0
2026-05-03 17:21:54,362 INFO o.a.j.s.SampleResult: Note: Sample TimeStamps are START times
2026-05-03 17:21:54,362 INFO o.a.j.s.SampleResult: sampleresult.default.encoding is set to UTF-8
2026-05-03 17:21:54,362 INFO o.a.j.s.SampleResult: sampleresult.useNanoTime=true
2026-05-03 17:21:54,362 INFO o.a.j.s.SampleResult: sampleresult.nanoThreadSleep=5000
2026-05-03 17:21:54,433 INFO o.a.j.t.JMeterThread: Thread started: SS1 - So sánh Có-Khóa vs Không-Khóa (Platform Thread, 1000 lần) 1-9
2026-05-03 17:21:54,534 INFO o.a.j.t.JMeterThread: Thread started: SS1 - So sánh Có-Khóa vs Không-Khóa (Platform Thread, 1000 lần) 1-10
2026-05-03 17:21:54,633 INFO o.a.j.t.JMeterThread: Thread started: SS1 - So sánh Có-Khóa vs Không-Khóa (Platform Thread, 1000 lần) 1-11
2026-05-03 17:21:54,734 INFO o.a.j.t.JMeterThread: Thread started: SS1 - So sánh Có-Khóa vs Không-Khóa (Platform Thread, 1000 lần) 1-12
2026-05-03 17:21:54,830 INFO o.a.j.t.JMeterThread: Thread started: SS1 - So sánh Có-Khóa vs Không-Khóa (Platform Thread, 1000 lần) 1-13
2026-05-03 17:21:54,932 INFO o.a.j.t.JMeterThread: Thread started: SS1 - So sánh Có-Khóa vs Không-Khóa (Platform Thread, 1000 lần) 1-14
2026-05-03 17:21:55,032 INFO o.a.j.t.JMeterThread: Thread started: SS1 - So sánh Có-Khóa vs Không-Khóa (Platform Thread, 1000 lần) 1-15
2026-05-03 17:21:55,129 INFO o.a.j.t.JMeterThread: Thread started: SS1 - So sánh Có-Khóa vs Không-Khóa (Platform Thread, 1000 lần) 1-16
2026-05-03 17:21:55,229 INFO o.a.j.t.JMeterThread: Thread started: SS1 - So sánh Có-Khóa vs Không-Khóa (Platform Thread, 1000 lần) 1-17
2026-05-03 17:21:55,327 INFO o.a.j.t.JMeterThread: Thread started: SS1 - So sánh Có-Khóa vs Không-Khóa (Platform Thread, 1000 lần) 1-18
2026-05-03 17:21:55,428 INFO o.a.j.t.JMeterThread: Thread started: SS1 - So sánh Có-Khóa vs Không-Khóa (Platform Thread, 1000 lần) 1-19
2026-05-03 17:21:55,526 INFO o.a.j.t.JMeterThread: Thread started: SS1 - So sánh Có-Khóa vs Không-Khóa (Platform Thread, 1000 lần) 1-20
2026-05-03 17:21:55,625 INFO o.a.j.t.JMeterThread: Thread started: SS1 - So sánh Có-Khóa vs Không-Khóa (Platform Thread, 1000 lần) 1-21
2026-05-03 17:21:55,726 INFO o.a.j.t.JMeterThread: Thread started: SS1 - So sánh Có-Khóa vs Không-Khóa (Platform Thread, 1000 lần) 1-22
2026-05-03 17:21:55,826 INFO o.a.j.t.JMeterThread: Thread started: SS1 - So sánh Có-Khóa vs Không-Khóa (Platform Thread, 1000 lần) 1-23
2026-05-03 17:21:55,926 INFO o.a.j.t.JMeterThread: Thread started: SS1 - So sánh Có-Khóa vs Không-Khóa (Platform Thread, 1000 lần) 1-24
2026-05-03 17:21:56,024 INFO o.a.j.t.JMeterThread: Thread started: SS1 - So sánh Có-Khóa vs Không-Khóa (Platform Thread, 1000 lần) 1-25
2026-05-03 17:21:56,127 INFO o.a.j.t.JMeterThread: Thread started: SS1 - So sánh Có-Khóa vs Không-Khóa (Platform Thread, 1000 lần) 1-26
2026-05-03 17:21:56,225 INFO o.a.j.t.JMeterThread: Thread started: SS1 - So sánh Có-Khóa vs Không-Khóa (Platform Thread, 1000 lần) 1-27
2026-05-03 17:21:56,326 INFO o.a.j.t.JMeterThread: Thread started: SS1 - So sánh Có-Khóa vs Không-Khóa (Platform Thread, 1000 lần) 1-28
2026-05-03 17:21:56,426 INFO o.a.j.t.JMeterThread: Thread started: SS1 - So sánh Có-Khóa vs Không-Khóa (Platform Thread, 1000 lần) 1-29
2026-05-03 17:21:56,526 INFO o.a.j.t.JMeterThread: Thread started: SS1 - So sánh Có-Khóa vs Không-Khóa (Platform Thread, 1000 lần) 1-30
2026-05-03 17:21:56,625 INFO o.a.j.t.JMeterThread: Thread started: SS1 - So sánh Có-Khóa vs Không-Khóa (Platform Thread, 1000 lần) 1-31
2026-05-03 17:21:56,732 INFO o.a.j.t.JMeterThread: Thread started: SS1 - So sánh Có-Khóa vs Không-Khóa (Platform Thread, 1000 lần) 1-32
2026-05-03 17:21:56,827 INFO o.a.j.t.JMeterThread: Thread started: SS1 - So sánh Có-Khóa vs Không-Khóa (Platform Thread, 1000 lần) 1-33
2026-05-03 17:21:56,925 INFO o.a.j.t.JMeterThread: Thread started: SS1 - So sánh Có-Khóa vs Không-Khóa (Platform Thread, 1000 lần) 1-34
2026-05-03 17:21:57,026 INFO o.a.j.t.JMeterThread: Thread started: SS1 - So sánh Có-Khóa vs Không-Khóa (Platform Thread, 1000 lần) 1-35
2026-05-03 17:21:57,126 INFO o.a.j.t.JMeterThread: Thread started: SS1 - So sánh Có-Khóa vs Không-Khóa (Platform Thread, 1000 lần) 1-36
2026-05-03 17:21:57,224 INFO o.a.j.t.JMeterThread: Thread started: SS1 - So sánh Có-Khóa vs Không-Khóa (Platform Thread, 1000 lần) 1-37
2026-05-03 17:21:57,331 INFO o.a.j.t.JMeterThread: Thread started: SS1 - So sánh Có-Khóa vs Không-Khóa (Platform Thread, 1000 lần) 1-38
2026-05-03 17:21:57,426 INFO o.a.j.t.JMeterThread: Thread started: SS1 - So sánh Có-Khóa vs Không-Khóa (Platform Thread, 1000 lần) 1-39
2026-05-03 17:21:57,525 INFO o.a.j.t.JMeterThread: Thread started: SS1 - So sánh Có-Khóa vs Không-Khóa (Platform Thread, 1000 lần) 1-40
2026-05-03 17:21:57,627 INFO o.a.j.t.JMeterThread: Thread started: SS1 - So sánh Có-Khóa vs Không-Khóa (Platform Thread, 1000 lần) 1-41
2026-05-03 17:21:57,727 INFO o.a.j.t.JMeterThread: Thread started: SS1 - So sánh Có-Khóa vs Không-Khóa (Platform Thread, 1000 lần) 1-42
2026-05-03 17:21:57,825 INFO o.a.j.t.JMeterThread: Thread started: SS1 - So sánh Có-Khóa vs Không-Khóa (Platform Thread, 1000 lần) 1-43
2026-05-03 17:21:57,927 INFO o.a.j.t.JMeterThread: Thread started: SS1 - So sánh Có-Khóa vs Không-Khóa (Platform Thread, 1000 lần) 1-44
2026-05-03 17:21:58,028 INFO o.a.j.t.JMeterThread: Thread started: SS1 - So sánh Có-Khóa vs Không-Khóa (Platform Thread, 1000 lần) 1-45
2026-05-03 17:21:58,126 INFO o.a.j.t.JMeterThread: Thread started: SS1 - So sánh Có-Khóa vs Không-Khóa (Platform Thread, 1000 lần) 1-46
2026-05-03 17:21:58,226 INFO o.a.j.t.JMeterThread: Thread started: SS1 - So sánh Có-Khóa vs Không-Khóa (Platform Thread, 1000 lần) 1-47
2026-05-03 17:21:58,326 INFO o.a.j.t.JMeterThread: Thread started: SS1 - So sánh Có-Khóa vs Không-Khóa (Platform Thread, 1000 lần) 1-48
2026-05-03 17:21:58,425 INFO o.a.j.t.JMeterThread: Thread started: SS1 - So sánh Có-Khóa vs Không-Khóa (Platform Thread, 1000 lần) 1-49
2026-05-03 17:21:58,527 INFO o.a.j.t.JMeterThread: Thread started: SS1 - So sánh Có-Khóa vs Không-Khóa (Platform Thread, 1000 lần) 1-50
2026-05-03 17:22:00,015 INFO o.a.j.r.Summariser: summary +    212 in 00:00:06 =   33.1/s Avg:   580 Min:    56 Max:  2422 Err:     0 (0.00%) Active: 50 Started: 50 Finished: 0
2026-05-03 17:22:30,040 INFO o.a.j.r.Summariser: summary +    974 in 00:00:30 =   32.4/s Avg:  1453 Min:    53 Max: 11939 Err:     0 (0.00%) Active: 50 Started: 50 Finished: 0
2026-05-03 17:22:30,041 INFO o.a.j.r.Summariser: summary =   1186 in 00:00:36 =   32.5/s Avg:  1297 Min:    53 Max: 11939 Err:     0 (0.00%)
2026-05-03 17:22:31,953 INFO o.a.j.t.JMeterThread: Thread is done: SS1 - So sánh Có-Khóa vs Không-Khóa (Platform Thread, 1000 lần) 1-16
2026-05-03 17:22:31,953 INFO o.a.j.t.JMeterThread: Thread finished: SS1 - So sánh Có-Khóa vs Không-Khóa (Platform Thread, 1000 lần) 1-16
2026-05-03 17:22:37,116 INFO o.a.j.t.JMeterThread: Thread is done: SS1 - So sánh Có-Khóa vs Không-Khóa (Platform Thread, 1000 lần) 1-11
2026-05-03 17:22:37,116 INFO o.a.j.t.JMeterThread: Thread finished: SS1 - So sánh Có-Khóa vs Không-Khóa (Platform Thread, 1000 lần) 1-11
2026-05-03 17:22:39,719 INFO o.a.j.t.JMeterThread: Thread is done: SS1 - So sánh Có-Khóa vs Không-Khóa (Platform Thread, 1000 lần) 1-21
2026-05-03 17:22:39,719 INFO o.a.j.t.JMeterThread: Thread finished: SS1 - So sánh Có-Khóa vs Không-Khóa (Platform Thread, 1000 lần) 1-21
2026-05-03 17:22:41,446 INFO o.a.j.t.JMeterThread: Thread is done: SS1 - So sánh Có-Khóa vs Không-Khóa (Platform Thread, 1000 lần) 1-12
2026-05-03 17:22:41,446 INFO o.a.j.t.JMeterThread: Thread finished: SS1 - So sánh Có-Khóa vs Không-Khóa (Platform Thread, 1000 lần) 1-12
2026-05-03 17:22:41,884 INFO o.a.j.t.JMeterThread: Thread is done: SS1 - So sánh Có-Khóa vs Không-Khóa (Platform Thread, 1000 lần) 1-30
2026-05-03 17:22:41,884 INFO o.a.j.t.JMeterThread: Thread finished: SS1 - So sánh Có-Khóa vs Không-Khóa (Platform Thread, 1000 lần) 1-30
2026-05-03 17:22:42,124 INFO o.a.j.t.JMeterThread: Thread is done: SS1 - So sánh Có-Khóa vs Không-Khóa (Platform Thread, 1000 lần) 1-49
2026-05-03 17:22:42,125 INFO o.a.j.t.JMeterThread: Thread finished: SS1 - So sánh Có-Khóa vs Không-Khóa (Platform Thread, 1000 lần) 1-49
2026-05-03 17:22:42,616 INFO o.a.j.t.JMeterThread: Thread is done: SS1 - So sánh Có-Khóa vs Không-Khóa (Platform Thread, 1000 lần) 1-9
2026-05-03 17:22:42,617 INFO o.a.j.t.JMeterThread: Thread finished: SS1 - So sánh Có-Khóa vs Không-Khóa (Platform Thread, 1000 lần) 1-9
2026-05-03 17:22:43,229 INFO o.a.j.t.JMeterThread: Thread is done: SS1 - So sánh Có-Khóa vs Không-Khóa (Platform Thread, 1000 lần) 1-38
2026-05-03 17:22:43,229 INFO o.a.j.t.JMeterThread: Thread finished: SS1 - So sánh Có-Khóa vs Không-Khóa (Platform Thread, 1000 lần) 1-38
2026-05-03 17:22:43,601 INFO o.a.j.t.JMeterThread: Thread is done: SS1 - So sánh Có-Khóa vs Không-Khóa (Platform Thread, 1000 lần) 1-7
2026-05-03 17:22:43,601 INFO o.a.j.t.JMeterThread: Thread finished: SS1 - So sánh Có-Khóa vs Không-Khóa (Platform Thread, 1000 lần) 1-7
2026-05-03 17:22:43,975 INFO o.a.j.t.JMeterThread: Thread is done: SS1 - So sánh Có-Khóa vs Không-Khóa (Platform Thread, 1000 lần) 1-27
2026-05-03 17:22:43,975 INFO o.a.j.t.JMeterThread: Thread finished: SS1 - So sánh Có-Khóa vs Không-Khóa (Platform Thread, 1000 lần) 1-27
2026-05-03 17:22:44,158 INFO o.a.j.t.JMeterThread: Thread is done: SS1 - So sánh Có-Khóa vs Không-Khóa (Platform Thread, 1000 lần) 1-44
2026-05-03 17:22:44,158 INFO o.a.j.t.JMeterThread: Thread finished: SS1 - So sánh Có-Khóa vs Không-Khóa (Platform Thread, 1000 lần) 1-44
2026-05-03 17:22:44,341 INFO o.a.j.t.JMeterThread: Thread is done: SS1 - So sánh Có-Khóa vs Không-Khóa (Platform Thread, 1000 lần) 1-18
2026-05-03 17:22:44,341 INFO o.a.j.t.JMeterThread: Thread finished: SS1 - So sánh Có-Khóa vs Không-Khóa (Platform Thread, 1000 lần) 1-18
2026-05-03 17:22:44,709 INFO o.a.j.t.JMeterThread: Thread is done: SS1 - So sánh Có-Khóa vs Không-Khóa (Platform Thread, 1000 lần) 1-19
2026-05-03 17:22:44,709 INFO o.a.j.t.JMeterThread: Thread finished: SS1 - So sánh Có-Khóa vs Không-Khóa (Platform Thread, 1000 lần) 1-19
2026-05-03 17:22:44,775 INFO o.a.j.t.JMeterThread: Thread is done: SS1 - So sánh Có-Khóa vs Không-Khóa (Platform Thread, 1000 lần) 1-1
2026-05-03 17:22:44,775 INFO o.a.j.t.JMeterThread: Thread finished: SS1 - So sánh Có-Khóa vs Không-Khóa (Platform Thread, 1000 lần) 1-1
2026-05-03 17:22:45,145 INFO o.a.j.t.JMeterThread: Thread is done: SS1 - So sánh Có-Khóa vs Không-Khóa (Platform Thread, 1000 lần) 1-33
2026-05-03 17:22:45,145 INFO o.a.j.t.JMeterThread: Thread finished: SS1 - So sánh Có-Khóa vs Không-Khóa (Platform Thread, 1000 lần) 1-33
2026-05-03 17:22:45,457 INFO o.a.j.t.JMeterThread: Thread is done: SS1 - So sánh Có-Khóa vs Không-Khóa (Platform Thread, 1000 lần) 1-14
2026-05-03 17:22:45,457 INFO o.a.j.t.JMeterThread: Thread finished: SS1 - So sánh Có-Khóa vs Không-Khóa (Platform Thread, 1000 lần) 1-14
2026-05-03 17:22:45,951 INFO o.a.j.t.JMeterThread: Thread is done: SS1 - So sánh Có-Khóa vs Không-Khóa (Platform Thread, 1000 lần) 1-39
2026-05-03 17:22:45,951 INFO o.a.j.t.JMeterThread: Thread finished: SS1 - So sánh Có-Khóa vs Không-Khóa (Platform Thread, 1000 lần) 1-39
2026-05-03 17:22:46,575 INFO o.a.j.t.JMeterThread: Thread is done: SS1 - So sánh Có-Khóa vs Không-Khóa (Platform Thread, 1000 lần) 1-4
2026-05-03 17:22:46,575 INFO o.a.j.t.JMeterThread: Thread finished: SS1 - So sánh Có-Khóa vs Không-Khóa (Platform Thread, 1000 lần) 1-4
2026-05-03 17:22:46,812 INFO o.a.j.t.JMeterThread: Thread is done: SS1 - So sánh Có-Khóa vs Không-Khóa (Platform Thread, 1000 lần) 1-10
2026-05-03 17:22:46,812 INFO o.a.j.t.JMeterThread: Thread finished: SS1 - So sánh Có-Khóa vs Không-Khóa (Platform Thread, 1000 lần) 1-10
2026-05-03 17:22:47,245 INFO o.a.j.t.JMeterThread: Thread is done: SS1 - So sánh Có-Khóa vs Không-Khóa (Platform Thread, 1000 lần) 1-13
2026-05-03 17:22:47,245 INFO o.a.j.t.JMeterThread: Thread finished: SS1 - So sánh Có-Khóa vs Không-Khóa (Platform Thread, 1000 lần) 1-13
2026-05-03 17:22:48,293 INFO o.a.j.t.JMeterThread: Thread is done: SS1 - So sánh Có-Khóa vs Không-Khóa (Platform Thread, 1000 lần) 1-3
2026-05-03 17:22:48,293 INFO o.a.j.t.JMeterThread: Thread finished: SS1 - So sánh Có-Khóa vs Không-Khóa (Platform Thread, 1000 lần) 1-3
2026-05-03 17:22:48,608 INFO o.a.j.t.JMeterThread: Thread is done: SS1 - So sánh Có-Khóa vs Không-Khóa (Platform Thread, 1000 lần) 1-46
2026-05-03 17:22:48,608 INFO o.a.j.t.JMeterThread: Thread finished: SS1 - So sánh Có-Khóa vs Không-Khóa (Platform Thread, 1000 lần) 1-46
2026-05-03 17:22:49,972 INFO o.a.j.t.JMeterThread: Thread is done: SS1 - So sánh Có-Khóa vs Không-Khóa (Platform Thread, 1000 lần) 1-41
2026-05-03 17:22:49,972 INFO o.a.j.t.JMeterThread: Thread finished: SS1 - So sánh Có-Khóa vs Không-Khóa (Platform Thread, 1000 lần) 1-41
2026-05-03 17:22:50,532 INFO o.a.j.t.JMeterThread: Thread is done: SS1 - So sánh Có-Khóa vs Không-Khóa (Platform Thread, 1000 lần) 1-29
2026-05-03 17:22:50,532 INFO o.a.j.t.JMeterThread: Thread finished: SS1 - So sánh Có-Khóa vs Không-Khóa (Platform Thread, 1000 lần) 1-29
2026-05-03 17:22:50,668 INFO o.a.j.t.JMeterThread: Thread is done: SS1 - So sánh Có-Khóa vs Không-Khóa (Platform Thread, 1000 lần) 1-31
2026-05-03 17:22:50,669 INFO o.a.j.t.JMeterThread: Thread finished: SS1 - So sánh Có-Khóa vs Không-Khóa (Platform Thread, 1000 lần) 1-31
2026-05-03 17:22:51,041 INFO o.a.j.t.JMeterThread: Thread is done: SS1 - So sánh Có-Khóa vs Không-Khóa (Platform Thread, 1000 lần) 1-15
2026-05-03 17:22:51,041 INFO o.a.j.t.JMeterThread: Thread finished: SS1 - So sánh Có-Khóa vs Không-Khóa (Platform Thread, 1000 lần) 1-15
2026-05-03 17:22:51,167 INFO o.a.j.t.JMeterThread: Thread is done: SS1 - So sánh Có-Khóa vs Không-Khóa (Platform Thread, 1000 lần) 1-23
2026-05-03 17:22:51,167 INFO o.a.j.t.JMeterThread: Thread finished: SS1 - So sánh Có-Khóa vs Không-Khóa (Platform Thread, 1000 lần) 1-23
2026-05-03 17:22:51,290 INFO o.a.j.t.JMeterThread: Thread is done: SS1 - So sánh Có-Khóa vs Không-Khóa (Platform Thread, 1000 lần) 1-5
2026-05-03 17:22:51,290 INFO o.a.j.t.JMeterThread: Thread finished: SS1 - So sánh Có-Khóa vs Không-Khóa (Platform Thread, 1000 lần) 1-5
2026-05-03 17:22:51,604 INFO o.a.j.t.JMeterThread: Thread is done: SS1 - So sánh Có-Khóa vs Không-Khóa (Platform Thread, 1000 lần) 1-26
2026-05-03 17:22:51,605 INFO o.a.j.t.JMeterThread: Thread finished: SS1 - So sánh Có-Khóa vs Không-Khóa (Platform Thread, 1000 lần) 1-26
2026-05-03 17:22:51,666 INFO o.a.j.t.JMeterThread: Thread is done: SS1 - So sánh Có-Khóa vs Không-Khóa (Platform Thread, 1000 lần) 1-42
2026-05-03 17:22:51,666 INFO o.a.j.t.JMeterThread: Thread finished: SS1 - So sánh Có-Khóa vs Không-Khóa (Platform Thread, 1000 lần) 1-42
2026-05-03 17:22:52,587 INFO o.a.j.t.JMeterThread: Thread is done: SS1 - So sánh Có-Khóa vs Không-Khóa (Platform Thread, 1000 lần) 1-24
2026-05-03 17:22:52,587 INFO o.a.j.t.JMeterThread: Thread finished: SS1 - So sánh Có-Khóa vs Không-Khóa (Platform Thread, 1000 lần) 1-24
2026-05-03 17:22:52,647 INFO o.a.j.t.JMeterThread: Thread is done: SS1 - So sánh Có-Khóa vs Không-Khóa (Platform Thread, 1000 lần) 1-2
2026-05-03 17:22:52,647 INFO o.a.j.t.JMeterThread: Thread finished: SS1 - So sánh Có-Khóa vs Không-Khóa (Platform Thread, 1000 lần) 1-2
2026-05-03 17:22:53,326 INFO o.a.j.t.JMeterThread: Thread is done: SS1 - So sánh Có-Khóa vs Không-Khóa (Platform Thread, 1000 lần) 1-32
2026-05-03 17:22:53,326 INFO o.a.j.t.JMeterThread: Thread finished: SS1 - So sánh Có-Khóa vs Không-Khóa (Platform Thread, 1000 lần) 1-32
2026-05-03 17:22:53,636 INFO o.a.j.t.JMeterThread: Thread is done: SS1 - So sánh Có-Khóa vs Không-Khóa (Platform Thread, 1000 lần) 1-20
2026-05-03 17:22:53,636 INFO o.a.j.t.JMeterThread: Thread finished: SS1 - So sánh Có-Khóa vs Không-Khóa (Platform Thread, 1000 lần) 1-20
2026-05-03 17:22:53,694 INFO o.a.j.t.JMeterThread: Thread is done: SS1 - So sánh Có-Khóa vs Không-Khóa (Platform Thread, 1000 lần) 1-22
2026-05-03 17:22:53,694 INFO o.a.j.t.JMeterThread: Thread finished: SS1 - So sánh Có-Khóa vs Không-Khóa (Platform Thread, 1000 lần) 1-22
2026-05-03 17:22:54,741 INFO o.a.j.t.JMeterThread: Thread is done: SS1 - So sánh Có-Khóa vs Không-Khóa (Platform Thread, 1000 lần) 1-17
2026-05-03 17:22:54,741 INFO o.a.j.t.JMeterThread: Thread finished: SS1 - So sánh Có-Khóa vs Không-Khóa (Platform Thread, 1000 lần) 1-17
2026-05-03 17:22:54,928 INFO o.a.j.t.JMeterThread: Thread is done: SS1 - So sánh Có-Khóa vs Không-Khóa (Platform Thread, 1000 lần) 1-43
2026-05-03 17:22:54,929 INFO o.a.j.t.JMeterThread: Thread finished: SS1 - So sánh Có-Khóa vs Không-Khóa (Platform Thread, 1000 lần) 1-43
2026-05-03 17:22:55,176 INFO o.a.j.t.JMeterThread: Thread is done: SS1 - So sánh Có-Khóa vs Không-Khóa (Platform Thread, 1000 lần) 1-47
2026-05-03 17:22:55,176 INFO o.a.j.t.JMeterThread: Thread finished: SS1 - So sánh Có-Khóa vs Không-Khóa (Platform Thread, 1000 lần) 1-47
2026-05-03 17:22:55,424 INFO o.a.j.t.JMeterThread: Thread is done: SS1 - So sánh Có-Khóa vs Không-Khóa (Platform Thread, 1000 lần) 1-37
2026-05-03 17:22:55,424 INFO o.a.j.t.JMeterThread: Thread finished: SS1 - So sánh Có-Khóa vs Không-Khóa (Platform Thread, 1000 lần) 1-37
2026-05-03 17:22:55,484 INFO o.a.j.t.JMeterThread: Thread is done: SS1 - So sánh Có-Khóa vs Không-Khóa (Platform Thread, 1000 lần) 1-50
2026-05-03 17:22:55,484 INFO o.a.j.t.JMeterThread: Thread finished: SS1 - So sánh Có-Khóa vs Không-Khóa (Platform Thread, 1000 lần) 1-50
2026-05-03 17:22:55,542 INFO o.a.j.t.JMeterThread: Thread is done: SS1 - So sánh Có-Khóa vs Không-Khóa (Platform Thread, 1000 lần) 1-35
2026-05-03 17:22:55,542 INFO o.a.j.t.JMeterThread: Thread finished: SS1 - So sánh Có-Khóa vs Không-Khóa (Platform Thread, 1000 lần) 1-35
2026-05-03 17:22:55,608 INFO o.a.j.t.JMeterThread: Thread is done: SS1 - So sánh Có-Khóa vs Không-Khóa (Platform Thread, 1000 lần) 1-25
2026-05-03 17:22:55,608 INFO o.a.j.t.JMeterThread: Thread finished: SS1 - So sánh Có-Khóa vs Không-Khóa (Platform Thread, 1000 lần) 1-25
2026-05-03 17:22:55,800 INFO o.a.j.t.JMeterThread: Thread is done: SS1 - So sánh Có-Khóa vs Không-Khóa (Platform Thread, 1000 lần) 1-28
2026-05-03 17:22:55,800 INFO o.a.j.t.JMeterThread: Thread finished: SS1 - So sánh Có-Khóa vs Không-Khóa (Platform Thread, 1000 lần) 1-28
2026-05-03 17:22:55,977 INFO o.a.j.t.JMeterThread: Thread is done: SS1 - So sánh Có-Khóa vs Không-Khóa (Platform Thread, 1000 lần) 1-6
2026-05-03 17:22:55,977 INFO o.a.j.t.JMeterThread: Thread finished: SS1 - So sánh Có-Khóa vs Không-Khóa (Platform Thread, 1000 lần) 1-6
2026-05-03 17:22:56,041 INFO o.a.j.t.JMeterThread: Thread is done: SS1 - So sánh Có-Khóa vs Không-Khóa (Platform Thread, 1000 lần) 1-8
2026-05-03 17:22:56,041 INFO o.a.j.t.JMeterThread: Thread finished: SS1 - So sánh Có-Khóa vs Không-Khóa (Platform Thread, 1000 lần) 1-8
2026-05-03 17:22:56,282 INFO o.a.j.t.JMeterThread: Thread is done: SS1 - So sánh Có-Khóa vs Không-Khóa (Platform Thread, 1000 lần) 1-45
2026-05-03 17:22:56,282 INFO o.a.j.t.JMeterThread: Thread finished: SS1 - So sánh Có-Khóa vs Không-Khóa (Platform Thread, 1000 lần) 1-45
2026-05-03 17:22:56,347 INFO o.a.j.t.JMeterThread: Thread is done: SS1 - So sánh Có-Khóa vs Không-Khóa (Platform Thread, 1000 lần) 1-48
2026-05-03 17:22:56,348 INFO o.a.j.t.JMeterThread: Thread finished: SS1 - So sánh Có-Khóa vs Không-Khóa (Platform Thread, 1000 lần) 1-48
2026-05-03 17:22:56,473 INFO o.a.j.t.JMeterThread: Thread is done: SS1 - So sánh Có-Khóa vs Không-Khóa (Platform Thread, 1000 lần) 1-34
2026-05-03 17:22:56,473 INFO o.a.j.t.JMeterThread: Thread finished: SS1 - So sánh Có-Khóa vs Không-Khóa (Platform Thread, 1000 lần) 1-34
2026-05-03 17:22:56,670 INFO o.a.j.t.JMeterThread: Thread is done: SS1 - So sánh Có-Khóa vs Không-Khóa (Platform Thread, 1000 lần) 1-36
2026-05-03 17:22:56,670 INFO o.a.j.t.JMeterThread: Thread finished: SS1 - So sánh Có-Khóa vs Không-Khóa (Platform Thread, 1000 lần) 1-36
2026-05-03 17:22:56,732 INFO o.a.j.t.JMeterThread: Thread is done: SS1 - So sánh Có-Khóa vs Không-Khóa (Platform Thread, 1000 lần) 1-40
2026-05-03 17:22:56,732 INFO o.a.j.t.JMeterThread: Thread finished: SS1 - So sánh Có-Khóa vs Không-Khóa (Platform Thread, 1000 lần) 1-40
2026-05-03 17:22:56,732 INFO o.a.j.e.StandardJMeterEngine: Notifying test listeners of end of test
2026-05-03 17:22:56,733 INFO o.a.j.s.FileServer: Close: /Users/mac2019/Desktop/pos/boost/jmeter/inputs/ss1-lock-hotspot.csv
2026-05-03 17:22:56,733 INFO o.a.j.s.FileServer: Close: /Users/mac2019/Desktop/pos/boost/jmeter/inputs/ss1-nolock-hotspot.csv
2026-05-03 17:22:56,738 INFO o.a.j.r.Summariser: summary +    814 in 00:00:27 =   30.5/s Avg:  1379 Min:    54 Max: 15002 Err:     1 (0.12%) Active: 0 Started: 50 Finished: 50
2026-05-03 17:22:56,739 INFO o.a.j.r.Summariser: summary =   2000 in 00:01:03 =   31.7/s Avg:  1330 Min:    53 Max: 15002 Err:     1 (0.05%)
