2026-05-04 13:00:27,045 INFO o.a.j.u.JMeterUtils: Setting Locale to en_EN
2026-05-04 13:00:27,073 INFO o.a.j.JMeter: Loading user properties from: /usr/local/Cellar/jmeter/5.6.3/libexec/bin/user.properties
2026-05-04 13:00:27,074 INFO o.a.j.JMeter: Loading system properties from: /usr/local/Cellar/jmeter/5.6.3/libexec/bin/system.properties
2026-05-04 13:00:27,074 INFO o.a.j.JMeter: Setting JMeter property: threads=5
2026-05-04 13:00:27,074 INFO o.a.j.JMeter: Setting JMeter property: loops=1
2026-05-04 13:00:27,074 INFO o.a.j.JMeter: Setting JMeter property: targetPath=/api/rewards/virtual/no-lock
2026-05-04 13:00:27,074 INFO o.a.j.JMeter: Setting JMeter property: customerId=t-p1-NO_LOCK-6813c858
2026-05-04 13:00:27,074 INFO o.a.j.JMeter: Setting JMeter property: amount=20.05
2026-05-04 13:00:27,074 INFO o.a.j.JMeter: Setting JMeter property: port=8080
2026-05-04 13:00:27,080 INFO o.a.j.JMeter: Copyright (c) 1998-2024 The Apache Software Foundation
2026-05-04 13:00:27,080 INFO o.a.j.JMeter: Version 5.6.3
2026-05-04 13:00:27,080 INFO o.a.j.JMeter: java.version=21.0.8
2026-05-04 13:00:27,081 INFO o.a.j.JMeter: java.vm.name=OpenJDK 64-Bit Server VM
2026-05-04 13:00:27,081 INFO o.a.j.JMeter: os.name=Mac OS X
2026-05-04 13:00:27,081 INFO o.a.j.JMeter: os.arch=x86_64
2026-05-04 13:00:27,081 INFO o.a.j.JMeter: os.version=15.7.4
2026-05-04 13:00:27,081 INFO o.a.j.JMeter: file.encoding=UTF-8
2026-05-04 13:00:27,081 INFO o.a.j.JMeter: java.awt.headless=true
2026-05-04 13:00:27,081 INFO o.a.j.JMeter: Max memory     =1073741824
2026-05-04 13:00:27,081 INFO o.a.j.JMeter: Available Processors =8
2026-05-04 13:00:27,094 INFO o.a.j.JMeter: Default Locale=English (EN)
2026-05-04 13:00:27,094 INFO o.a.j.JMeter: JMeter  Locale=English (EN)
2026-05-04 13:00:27,094 INFO o.a.j.JMeter: JMeterHome=/usr/local/Cellar/jmeter/5.6.3/libexec
2026-05-04 13:00:27,094 INFO o.a.j.JMeter: user.dir  =/Users/mac2019/Desktop/pos/boost
2026-05-04 13:00:27,094 INFO o.a.j.JMeter: PWD       =/Users/mac2019/Desktop/pos/boost
2026-05-04 13:00:27,096 INFO o.a.j.JMeter: IP: 127.0.0.1 Name: MacBook-Pro-cua-Son.local FullName: localhost
2026-05-04 13:00:27,117 INFO o.a.j.s.FileServer: Default base='/Users/mac2019/Desktop/pos/boost'
2026-05-04 13:00:27,119 INFO o.a.j.s.FileServer: Set new base='/Users/mac2019/Desktop/pos/boost/jmeter'
2026-05-04 13:00:27,350 INFO o.a.j.s.SaveService: Testplan (JMX) version: 2.2. Testlog (JTL) version: 2.2
2026-05-04 13:00:27,390 INFO o.a.j.s.SaveService: Using SaveService properties version 5.0
2026-05-04 13:00:27,394 INFO o.a.j.s.SaveService: Using SaveService properties file encoding UTF-8
2026-05-04 13:00:27,397 INFO o.a.j.s.SaveService: Loading file: jmeter/custom_test.jmx
2026-05-04 13:00:27,460 INFO o.a.j.p.h.s.HTTPSamplerBase: Parser for text/html is org.apache.jmeter.protocol.http.parser.LagartoBasedHtmlParser
2026-05-04 13:00:27,460 INFO o.a.j.p.h.s.HTTPSamplerBase: Parser for application/xhtml+xml is org.apache.jmeter.protocol.http.parser.LagartoBasedHtmlParser
2026-05-04 13:00:27,460 INFO o.a.j.p.h.s.HTTPSamplerBase: Parser for application/xml is org.apache.jmeter.protocol.http.parser.LagartoBasedHtmlParser
2026-05-04 13:00:27,460 INFO o.a.j.p.h.s.HTTPSamplerBase: Parser for text/xml is org.apache.jmeter.protocol.http.parser.LagartoBasedHtmlParser
2026-05-04 13:00:27,461 INFO o.a.j.p.h.s.HTTPSamplerBase: Parser for text/vnd.wap.wml is org.apache.jmeter.protocol.http.parser.RegexpHTMLParser
2026-05-04 13:00:27,461 INFO o.a.j.p.h.s.HTTPSamplerBase: Parser for text/css is org.apache.jmeter.protocol.http.parser.CssParser
2026-05-04 13:00:27,472 INFO o.a.j.JMeter: Creating summariser <summary>
2026-05-04 13:00:27,491 INFO o.a.j.e.StandardJMeterEngine: Running the test!
2026-05-04 13:00:27,492 INFO o.a.j.s.SampleEvent: List of sample_variables: []
2026-05-04 13:00:27,492 INFO o.a.j.s.SampleEvent: List of sample_variables: []
2026-05-04 13:00:27,496 INFO o.a.j.e.u.CompoundVariable: Note: Function class names must contain the string: '.functions.'
2026-05-04 13:00:27,496 INFO o.a.j.e.u.CompoundVariable: Note: Function class names must not contain the string: '.gui.'
2026-05-04 13:00:27,559 INFO o.a.j.r.ClassFinder: Will scan jar /usr/local/Cellar/jmeter/5.6.3/libexec/lib/ext/jmeter-plugins-manager-1.9.jar with filter ExtendsClassFilter [parents=[interface org.apache.jmeter.functions.Function], inner=false, contains=null, notContains=null]. Consider exposing JMeter plugins via META-INF/services, and add JMeter-Skip-Class-Scanning=true manifest attribute so JMeter can skip classfile scanning
2026-05-04 13:00:27,675 INFO o.a.j.JMeter: Running test (1777874427675)
2026-05-04 13:00:27,696 INFO o.a.j.e.StandardJMeterEngine: Starting ThreadGroup: 1 : CustomGroup
2026-05-04 13:00:27,696 INFO o.a.j.e.StandardJMeterEngine: Starting 5 threads for group CustomGroup.
2026-05-04 13:00:27,696 INFO o.a.j.e.StandardJMeterEngine: Thread will continue on error
2026-05-04 13:00:27,696 INFO o.a.j.t.ThreadGroup: Starting thread group... number=1 threads=5 ramp-up=0 delayedStart=false
2026-05-04 13:00:27,702 INFO o.a.j.t.ThreadGroup: Started thread group number 1
2026-05-04 13:00:27,702 INFO o.a.j.e.StandardJMeterEngine: All thread groups have been started
2026-05-04 13:00:27,702 INFO o.a.j.t.JMeterThread: Thread started: CustomGroup 1-3
2026-05-04 13:00:27,702 INFO o.a.j.t.JMeterThread: Thread started: CustomGroup 1-1
2026-05-04 13:00:27,702 INFO o.a.j.t.JMeterThread: Thread started: CustomGroup 1-2
2026-05-04 13:00:27,702 INFO o.a.j.t.JMeterThread: Thread started: CustomGroup 1-4
2026-05-04 13:00:27,702 INFO o.a.j.t.JMeterThread: Thread started: CustomGroup 1-5
2026-05-04 13:00:27,724 INFO o.a.j.p.h.s.HTTPHCAbstractImpl: Local host = MacBook-Pro-cua-Son.local
2026-05-04 13:00:27,732 INFO o.a.j.p.h.s.HTTPHC4Impl: HTTP request retry count = 0
2026-05-04 13:00:27,733 INFO o.a.j.s.SampleResult: Note: Sample TimeStamps are START times
2026-05-04 13:00:27,733 INFO o.a.j.s.SampleResult: sampleresult.default.encoding is set to UTF-8
2026-05-04 13:00:27,733 INFO o.a.j.s.SampleResult: sampleresult.useNanoTime=true
2026-05-04 13:00:27,734 INFO o.a.j.s.SampleResult: sampleresult.nanoThreadSleep=5000
2026-05-04 13:00:27,913 INFO o.a.j.t.JMeterThread: Thread is done: CustomGroup 1-2
2026-05-04 13:00:27,913 INFO o.a.j.t.JMeterThread: Thread is done: CustomGroup 1-5
2026-05-04 13:00:27,913 INFO o.a.j.t.JMeterThread: Thread is done: CustomGroup 1-1
2026-05-04 13:00:27,913 INFO o.a.j.t.JMeterThread: Thread is done: CustomGroup 1-3
2026-05-04 13:00:27,913 INFO o.a.j.t.JMeterThread: Thread is done: CustomGroup 1-4
2026-05-04 13:00:27,913 INFO o.a.j.t.JMeterThread: Thread finished: CustomGroup 1-1
2026-05-04 13:00:27,913 INFO o.a.j.t.JMeterThread: Thread finished: CustomGroup 1-5
2026-05-04 13:00:27,913 INFO o.a.j.t.JMeterThread: Thread finished: CustomGroup 1-2
2026-05-04 13:00:27,913 INFO o.a.j.t.JMeterThread: Thread finished: CustomGroup 1-3
2026-05-04 13:00:27,913 INFO o.a.j.t.JMeterThread: Thread finished: CustomGroup 1-4
2026-05-04 13:00:27,914 INFO o.a.j.e.StandardJMeterEngine: Notifying test listeners of end of test
2026-05-04 13:00:27,915 INFO o.a.j.r.Summariser: summary =      5 in 00:00:00 =   20.9/s Avg:   108 Min:   108 Max:   108 Err:     0 (0.00%)
